// Jest Snapshot v1, https://goo.gl/fbAQLP

exports[`<ChatList /> renders correctly 1`] = `
<ul
  className="MuiList-root-9 MuiList-padding-10 ChatList-chatsList-7"
>
  ChatListItem-12345
  ChatListItem-54321
</ul>
`;

exports[`<ChatList /> renders without chats 1`] = `
<ul
  className="MuiList-root-9 MuiList-padding-10 ChatList-chatsList-7"
>
  <h6
    className="MuiTypography-root-13 MuiTypography-subtitle1-31 ChatList-noChats-8"
  >
    There is no chats yet...
  </h6>
</ul>
`;
