// Jest Snapshot v1, https://goo.gl/fbAQLP

exports[`<ChatMenu /> renders correctly 1`] = `
<button
  aria-haspopup="true"
  aria-owns={null}
  className="MuiButtonBase-root-36 MuiIconButton-root-30 MuiIconButton-colorInherit-31"
  disabled={false}
  onBlur={[Function]}
  onClick={[Function]}
  onContextMenu={[Function]}
  onFocus={[Function]}
  onKeyDown={[Function]}
  onKeyUp={[Function]}
  onMouseDown={[Function]}
  onMouseLeave={[Function]}
  onMouseUp={[Function]}
  onTouchEnd={[Function]}
  onTouchMove={[Function]}
  onTouchStart={[Function]}
  tabIndex="0"
  type="button"
>
  <span
    className="MuiIconButton-label-35"
  >
    <svg
      aria-hidden="true"
      className="MuiSvgIcon-root-39"
      focusable="false"
      role="presentation"
      viewBox="0 0 24 24"
    >
      <path
        d="M0 0h24v24H0z"
        fill="none"
      />
      <path
        d="M12 8c1.1 0 2-.9 2-2s-.9-2-2-2-2 .9-2 2 .9 2 2 2zm0 2c-1.1 0-2 .9-2 2s.9 2 2 2 2-.9 2-2-.9-2-2-2zm0 6c-1.1 0-2 .9-2 2s.9 2 2 2 2-.9 2-2-.9-2-2-2z"
      />
    </svg>
  </span>
  <span
    className="MuiTouchRipple-root-52"
  />
</button>
`;
